Golden files for options doc generation. Update with:
  go test -v ./tools/generate-options-docs/docgen -update

Files captured:
  options.md   - markdown table output
  options.adoc - asciidoc configuration reference (dates stripped on comparison)
